2026-02-07 13:30:39 [main] INFO  sendaTrader76.bot.Application -
				Starting Application using Java 25.0.2 with PID 344934 (/home/jperez/src/SendaTrader76/target/classes started by jperez in /home/jperez/src/SendaTrader76)
2026-02-07 13:30:39 [main] INFO  sendaTrader76.bot.Application -
				No active profile set, falling back to 1 default profile: "default"
2026-02-07 13:30:40 [main] INFO  o.s.b.w.e.tomcat.TomcatWebServer -
				Tomcat initialized with port 8080 (http)
2026-02-07 13:30:40 [main] INFO  o.a.coyote.http11.Http11NioProtocol -
				Initializing ProtocolHandler ["http-nio-8080"]
2026-02-07 13:30:40 [main] INFO  o.a.catalina.core.StandardService -
				Starting service [Tomcat]
2026-02-07 13:30:40 [main] INFO  o.a.catalina.core.StandardEngine -
				Starting Servlet engine: [Apache Tomcat/10.1.34]
2026-02-07 13:30:40 [main] INFO  o.a.c.c.C.[Tomcat].[localhost].[/] -
				Initializing Spring embedded WebApplicationContext
2026-02-07 13:30:40 [main] INFO  o.s.b.w.s.c.ServletWebServerApplicationContext -
				Root WebApplicationContext: initialization completed in 783 ms
2026-02-07 13:30:41 [main] INFO  o.s.b.a.w.s.WelcomePageHandlerMapping -
				Adding welcome page: class path resource [static/index.html]
2026-02-07 13:30:41 [main] INFO  o.s.b.a.e.web.EndpointLinksResolver -
				Exposing 1 endpoint beneath base path '/actuator'
2026-02-07 13:30:41 [main] INFO  o.s.m.s.b.SimpleBrokerMessageHandler -
				Starting...
2026-02-07 13:30:41 [main] INFO  o.s.m.s.b.SimpleBrokerMessageHandler -
				BrokerAvailabilityEvent[available=true, SimpleBrokerMessageHandler [org.springframework.messaging.simp.broker.DefaultSubscriptionRegistry@4522d793]]
2026-02-07 13:30:41 [main] INFO  o.s.m.s.b.SimpleBrokerMessageHandler -
				Started.
2026-02-07 13:30:41 [main] INFO  o.a.coyote.http11.Http11NioProtocol -
				Starting ProtocolHandler ["http-nio-8080"]
2026-02-07 13:30:41 [main] INFO  o.s.m.s.b.SimpleBrokerMessageHandler -
				Stopping...
2026-02-07 13:30:41 [main] INFO  o.s.m.s.b.SimpleBrokerMessageHandler -
				BrokerAvailabilityEvent[available=false, SimpleBrokerMessageHandler [org.springframework.messaging.simp.broker.DefaultSubscriptionRegistry@4522d793]]
2026-02-07 13:30:41 [main] INFO  o.s.m.s.b.SimpleBrokerMessageHandler -
				Stopped.
2026-02-07 13:30:41 [main] WARN  o.s.b.w.s.c.AnnotationConfigServletWebServerApplicationContext -
				Exception encountered during context initialization - cancelling refresh attempt: org.springframework.context.ApplicationContextException: Failed to start bean 'webServerStartStop'
2026-02-07 13:30:41 [main] INFO  s.b.s.TransactionStreamService -
				retry set to false
2026-02-07 13:30:41 [main] INFO  s.bot.services.PriceStreamService -
				retry set to false
2026-02-07 13:30:41 [main] INFO  o.s.b.a.l.ConditionEvaluationReportLogger -
				

Error starting ApplicationContext. To display the condition evaluation report re-run your application with 'debug' enabled.
2026-02-07 13:30:41 [main] ERROR o.s.b.d.LoggingFailureAnalysisReporter -
				

***************************
APPLICATION FAILED TO START
***************************

Description:

Web server failed to start. Port 8080 was already in use.

Action:

Identify and stop the process that's listening on port 8080 or configure this application to listen on another port.

2026-02-07 13:33:11 [main] INFO  sendaTrader76.bot.Application -
				Starting Application using Java 25.0.2 with PID 347079 (/home/jperez/src/SendaTrader76/target/classes started by jperez in /home/jperez/src/SendaTrader76)
2026-02-07 13:33:11 [main] INFO  sendaTrader76.bot.Application -
				No active profile set, falling back to 1 default profile: "default"
2026-02-07 13:33:12 [main] INFO  o.s.b.w.e.tomcat.TomcatWebServer -
				Tomcat initialized with port 8087 (http)
2026-02-07 13:33:12 [main] INFO  o.a.coyote.http11.Http11NioProtocol -
				Initializing ProtocolHandler ["http-nio-8087"]
2026-02-07 13:33:12 [main] INFO  o.a.catalina.core.StandardService -
				Starting service [Tomcat]
2026-02-07 13:33:12 [main] INFO  o.a.catalina.core.StandardEngine -
				Starting Servlet engine: [Apache Tomcat/10.1.34]
2026-02-07 13:33:12 [main] INFO  o.a.c.c.C.[Tomcat].[localhost].[/] -
				Initializing Spring embedded WebApplicationContext
2026-02-07 13:33:12 [main] INFO  o.s.b.w.s.c.ServletWebServerApplicationContext -
				Root WebApplicationContext: initialization completed in 993 ms
2026-02-07 13:33:13 [main] INFO  o.s.b.a.w.s.WelcomePageHandlerMapping -
				Adding welcome page: class path resource [static/index.html]
2026-02-07 13:33:13 [main] INFO  o.s.b.a.e.web.EndpointLinksResolver -
				Exposing 1 endpoint beneath base path '/actuator'
2026-02-07 13:33:13 [main] INFO  o.s.m.s.b.SimpleBrokerMessageHandler -
				Starting...
2026-02-07 13:33:13 [main] INFO  o.s.m.s.b.SimpleBrokerMessageHandler -
				BrokerAvailabilityEvent[available=true, SimpleBrokerMessageHandler [org.springframework.messaging.simp.broker.DefaultSubscriptionRegistry@4536a715]]
2026-02-07 13:33:13 [main] INFO  o.s.m.s.b.SimpleBrokerMessageHandler -
				Started.
2026-02-07 13:33:13 [main] INFO  o.a.coyote.http11.Http11NioProtocol -
				Starting ProtocolHandler ["http-nio-8087"]
2026-02-07 13:33:13 [main] INFO  o.s.b.w.e.tomcat.TomcatWebServer -
				Tomcat started on port 8087 (http) with context path '/'
2026-02-07 13:33:14 [main] INFO  sendaTrader76.bot.Application -
				Started Application in 3.038 seconds (process running for 3.353)
2026-02-07 13:33:14 [main] INFO  sendaTrader76.bot.Application -
				Here code to execute after app starts...%s
2026-02-07 13:33:14 [main] INFO  o.s.b.a.l.ConditionEvaluationReportLogger -
				

Error starting ApplicationContext. To display the condition evaluation report re-run your application with 'debug' enabled.
2026-02-07 13:33:14 [main] ERROR o.s.boot.SpringApplication -
				Application run failed
java.lang.NullPointerException: Cannot invoke "java.net.URL.toURI()" because the return value of "java.lang.ClassLoader.getResource(String)" is null
	at sendaTrader76.bot.services.PriceStreamBacktTestingService.startPriceService(PriceStreamBacktTestingService.java:49)
	at sendaTrader76.bot.Application.run(Application.java:85)
	at org.springframework.boot.SpringApplication.lambda$callRunner$4(SpringApplication.java:784)
	at org.springframework.util.function.ThrowingConsumer$1.acceptWithException(ThrowingConsumer.java:82)
	at org.springframework.util.function.ThrowingConsumer.accept(ThrowingConsumer.java:60)
	at org.springframework.util.function.ThrowingConsumer$1.accept(ThrowingConsumer.java:86)
	at org.springframework.boot.SpringApplication.callRunner(SpringApplication.java:796)
	at org.springframework.boot.SpringApplication.callRunner(SpringApplication.java:784)
	at org.springframework.boot.SpringApplication.lambda$callRunners$3(SpringApplication.java:772)
	at java.base/java.util.stream.ForEachOps$ForEachOp$OfRef.accept(ForEachOps.java:186)
	at java.base/java.util.stream.SortedOps$SizedRefSortingSink.end(SortedOps.java:357)
	at java.base/java.util.stream.AbstractPipeline.copyInto(AbstractPipeline.java:571)
	at java.base/java.util.stream.AbstractPipeline.wrapAndCopyInto(AbstractPipeline.java:560)
	at java.base/java.util.stream.ForEachOps$ForEachOp.evaluateSequential(ForEachOps.java:153)
	at java.base/java.util.stream.ForEachOps$ForEachOp$OfRef.evaluateSequential(ForEachOps.java:176)
	at java.base/java.util.stream.AbstractPipeline.evaluate(AbstractPipeline.java:265)
	at java.base/java.util.stream.ReferencePipeline.forEach(ReferencePipeline.java:632)
	at org.springframework.boot.SpringApplication.callRunners(SpringApplication.java:772)
	at org.springframework.boot.SpringApplication.run(SpringApplication.java:325)
	at org.springframework.boot.SpringApplication.run(SpringApplication.java:1361)
	at org.springframework.boot.SpringApplication.run(SpringApplication.java:1350)
	at sendaTrader76.bot.Application.main(Application.java:72)
2026-02-07 13:33:14 [main] INFO  o.s.b.w.e.tomcat.GracefulShutdown -
				Commencing graceful shutdown. Waiting for active requests to complete
2026-02-07 13:33:14 [tomcat-shutdown] INFO  o.s.b.w.e.tomcat.GracefulShutdown -
				Graceful shutdown complete
2026-02-07 13:33:14 [main] INFO  o.s.m.s.b.SimpleBrokerMessageHandler -
				Stopping...
2026-02-07 13:33:14 [main] INFO  o.s.m.s.b.SimpleBrokerMessageHandler -
				BrokerAvailabilityEvent[available=false, SimpleBrokerMessageHandler [org.springframework.messaging.simp.broker.DefaultSubscriptionRegistry@4536a715]]
2026-02-07 13:33:14 [main] INFO  o.s.m.s.b.SimpleBrokerMessageHandler -
				Stopped.
2026-02-07 13:33:14 [main] INFO  s.b.s.TransactionStreamService -
				retry set to false
2026-02-07 13:33:14 [main] INFO  s.bot.services.PriceStreamService -
				retry set to false
2026-02-07 13:33:51 [main] INFO  sendaTrader76.bot.Application -
				Starting Application using Java 25.0.2 with PID 347828 (/home/jperez/src/SendaTrader76/target/classes started by jperez in /home/jperez/src/SendaTrader76)
2026-02-07 13:33:51 [main] INFO  sendaTrader76.bot.Application -
				No active profile set, falling back to 1 default profile: "default"
2026-02-07 13:33:52 [main] INFO  o.s.b.w.e.tomcat.TomcatWebServer -
				Tomcat initialized with port 8087 (http)
2026-02-07 13:33:52 [main] INFO  o.a.coyote.http11.Http11NioProtocol -
				Initializing ProtocolHandler ["http-nio-8087"]
2026-02-07 13:33:52 [main] INFO  o.a.catalina.core.StandardService -
				Starting service [Tomcat]
2026-02-07 13:33:52 [main] INFO  o.a.catalina.core.StandardEngine -
				Starting Servlet engine: [Apache Tomcat/10.1.34]
2026-02-07 13:33:52 [main] INFO  o.a.c.c.C.[Tomcat].[localhost].[/] -
				Initializing Spring embedded WebApplicationContext
2026-02-07 13:33:52 [main] INFO  o.s.b.w.s.c.ServletWebServerApplicationContext -
				Root WebApplicationContext: initialization completed in 1350 ms
2026-02-07 13:33:53 [main] INFO  o.s.b.a.w.s.WelcomePageHandlerMapping -
				Adding welcome page: class path resource [static/index.html]
2026-02-07 13:33:54 [main] INFO  o.s.b.a.e.web.EndpointLinksResolver -
				Exposing 1 endpoint beneath base path '/actuator'
2026-02-07 13:33:54 [main] INFO  o.s.m.s.b.SimpleBrokerMessageHandler -
				Starting...
2026-02-07 13:33:54 [main] INFO  o.s.m.s.b.SimpleBrokerMessageHandler -
				BrokerAvailabilityEvent[available=true, SimpleBrokerMessageHandler [org.springframework.messaging.simp.broker.DefaultSubscriptionRegistry@17b6ad97]]
2026-02-07 13:33:54 [main] INFO  o.s.m.s.b.SimpleBrokerMessageHandler -
				Started.
2026-02-07 13:33:54 [main] INFO  o.a.coyote.http11.Http11NioProtocol -
				Starting ProtocolHandler ["http-nio-8087"]
2026-02-07 13:33:54 [main] INFO  o.s.b.w.e.tomcat.TomcatWebServer -
				Tomcat started on port 8087 (http) with context path '/'
2026-02-07 13:33:54 [main] INFO  sendaTrader76.bot.Application -
				Started Application in 3.484 seconds (process running for 3.839)
2026-02-07 13:33:54 [main] INFO  sendaTrader76.bot.Application -
				Here code to execute after app starts...%s
2026-02-07 13:33:54 [main] INFO  o.s.b.a.l.ConditionEvaluationReportLogger -
				

Error starting ApplicationContext. To display the condition evaluation report re-run your application with 'debug' enabled.
2026-02-07 13:33:54 [main] ERROR o.s.boot.SpringApplication -
				Application run failed
java.lang.NullPointerException: Cannot invoke "java.net.URL.toURI()" because the return value of "java.lang.ClassLoader.getResource(String)" is null
	at sendaTrader76.bot.services.PriceStreamBacktTestingService.startPriceService(PriceStreamBacktTestingService.java:49)
	at sendaTrader76.bot.Application.run(Application.java:85)
	at org.springframework.boot.SpringApplication.lambda$callRunner$4(SpringApplication.java:784)
	at org.springframework.util.function.ThrowingConsumer$1.acceptWithException(ThrowingConsumer.java:82)
	at org.springframework.util.function.ThrowingConsumer.accept(ThrowingConsumer.java:60)
	at org.springframework.util.function.ThrowingConsumer$1.accept(ThrowingConsumer.java:86)
	at org.springframework.boot.SpringApplication.callRunner(SpringApplication.java:796)
	at org.springframework.boot.SpringApplication.callRunner(SpringApplication.java:784)
	at org.springframework.boot.SpringApplication.lambda$callRunners$3(SpringApplication.java:772)
	at java.base/java.util.stream.ForEachOps$ForEachOp$OfRef.accept(ForEachOps.java:186)
	at java.base/java.util.stream.SortedOps$SizedRefSortingSink.end(SortedOps.java:357)
	at java.base/java.util.stream.AbstractPipeline.copyInto(AbstractPipeline.java:571)
	at java.base/java.util.stream.AbstractPipeline.wrapAndCopyInto(AbstractPipeline.java:560)
	at java.base/java.util.stream.ForEachOps$ForEachOp.evaluateSequential(ForEachOps.java:153)
	at java.base/java.util.stream.ForEachOps$ForEachOp$OfRef.evaluateSequential(ForEachOps.java:176)
	at java.base/java.util.stream.AbstractPipeline.evaluate(AbstractPipeline.java:265)
	at java.base/java.util.stream.ReferencePipeline.forEach(ReferencePipeline.java:632)
	at org.springframework.boot.SpringApplication.callRunners(SpringApplication.java:772)
	at org.springframework.boot.SpringApplication.run(SpringApplication.java:325)
	at org.springframework.boot.SpringApplication.run(SpringApplication.java:1361)
	at org.springframework.boot.SpringApplication.run(SpringApplication.java:1350)
	at sendaTrader76.bot.Application.main(Application.java:72)
2026-02-07 13:33:54 [main] INFO  o.s.b.w.e.tomcat.GracefulShutdown -
				Commencing graceful shutdown. Waiting for active requests to complete
2026-02-07 13:33:54 [tomcat-shutdown] INFO  o.s.b.w.e.tomcat.GracefulShutdown -
				Graceful shutdown complete
2026-02-07 13:33:54 [main] INFO  o.s.m.s.b.SimpleBrokerMessageHandler -
				Stopping...
2026-02-07 13:33:54 [main] INFO  o.s.m.s.b.SimpleBrokerMessageHandler -
				BrokerAvailabilityEvent[available=false, SimpleBrokerMessageHandler [org.springframework.messaging.simp.broker.DefaultSubscriptionRegistry@17b6ad97]]
2026-02-07 13:33:54 [main] INFO  o.s.m.s.b.SimpleBrokerMessageHandler -
				Stopped.
2026-02-07 13:33:54 [main] INFO  s.b.s.TransactionStreamService -
				retry set to false
2026-02-07 13:33:54 [main] INFO  s.bot.services.PriceStreamService -
				retry set to false
2026-02-07 13:38:14 [main] INFO  sendaTrader76.bot.Application -
				Starting Application using Java 25.0.2 with PID 350845 (/home/jperez/src/SendaTrader76/target/classes started by jperez in /home/jperez/src/SendaTrader76)
2026-02-07 13:38:14 [main] INFO  sendaTrader76.bot.Application -
				No active profile set, falling back to 1 default profile: "default"
2026-02-07 13:38:29 [main] INFO  o.s.b.w.e.tomcat.TomcatWebServer -
				Tomcat initialized with port 8087 (http)
2026-02-07 13:38:30 [main] INFO  o.a.coyote.http11.Http11NioProtocol -
				Initializing ProtocolHandler ["http-nio-8087"]
2026-02-07 13:38:30 [main] INFO  o.a.catalina.core.StandardService -
				Starting service [Tomcat]
2026-02-07 13:38:30 [main] INFO  o.a.catalina.core.StandardEngine -
				Starting Servlet engine: [Apache Tomcat/10.1.34]
2026-02-07 13:38:30 [main] INFO  o.a.c.c.C.[Tomcat].[localhost].[/] -
				Initializing Spring embedded WebApplicationContext
2026-02-07 13:38:30 [main] INFO  o.s.b.w.s.c.ServletWebServerApplicationContext -
				Root WebApplicationContext: initialization completed in 15167 ms
2026-02-07 13:38:37 [main] INFO  o.s.b.a.w.s.WelcomePageHandlerMapping -
				Adding welcome page: class path resource [static/index.html]
2026-02-07 13:38:50 [main] INFO  o.s.b.a.e.web.EndpointLinksResolver -
				Exposing 1 endpoint beneath base path '/actuator'
2026-02-07 13:38:50 [main] INFO  o.s.m.s.b.SimpleBrokerMessageHandler -
				Starting...
2026-02-07 13:38:50 [main] INFO  o.s.m.s.b.SimpleBrokerMessageHandler -
				BrokerAvailabilityEvent[available=true, SimpleBrokerMessageHandler [org.springframework.messaging.simp.broker.DefaultSubscriptionRegistry@47f2c722]]
2026-02-07 13:38:50 [main] INFO  o.s.m.s.b.SimpleBrokerMessageHandler -
				Started.
2026-02-07 13:38:50 [main] INFO  o.a.coyote.http11.Http11NioProtocol -
				Starting ProtocolHandler ["http-nio-8087"]
2026-02-07 13:38:51 [main] INFO  o.s.b.w.e.tomcat.TomcatWebServer -
				Tomcat started on port 8087 (http) with context path '/'
2026-02-07 13:38:51 [main] INFO  sendaTrader76.bot.Application -
				Started Application in 43.239 seconds (process running for 46.025)
2026-02-07 13:38:52 [main] INFO  sendaTrader76.bot.Application -
				Here code to execute after app starts...%s
2026-02-07 13:38:53 [main] INFO  s.bot.strategies.BollingerStrategy -
				Time: 2016-12-02T12:30:45.253-05:00[GMT-05:00]
2026-02-07 13:38:53 [main] INFO  s.bot.strategies.BollingerStrategy -
				Waiting for candle to be inside bands before opening position. current price 1.067665  lower band 1.067711
2026-02-07 13:38:53 [main] INFO  s.b.s.TransactionStreamService -
				{"accountBalance":"742.5588","accountID":"101-004-4267188-001","batchID":"7399","financing":"0.0000","id":"7400","instrument":"EUR_USD","orderID":"7399","pl":"0.0000","price":"1.06756","reason":"MARKET_ORDER","time":"2016-12-02T12:30:49.985-05:00[GMT-05:00]","tradeOpened":{"tradeID":"7400","units":"10000"},"type":"ORDER_FILL","units":"10000","userID":4267188}
2026-02-07 13:38:53 [main] INFO  s.bot.strategies.BollingerStrategy -
				Time: 2016-12-02T12:30:49.985-05:00[GMT-05:00]
2026-02-07 13:38:53 [main] INFO  s.bot.strategies.BollingerStrategy -
				Open Position (Long) 1.06756
2026-02-07 13:38:53 [main] INFO  s.bot.strategies.BollingerStrategy -
				Stop loss: 1.067260
2026-02-07 13:38:53 [main] INFO  s.bot.strategies.BollingerStrategy -
				Potential earning 0.00016
2026-02-07 13:38:53 [main] INFO  s.bot.strategies.BollingerStrategy -
				Potential earning 0.00016
2026-02-07 13:38:53 [main] INFO  s.bot.strategies.BollingerStrategy -
				Potential earning 0.00014
2026-02-07 13:38:54 [main] INFO  s.bot.strategies.BollingerStrategy -
				Potential earning 0.00008
2026-02-07 13:38:54 [main] INFO  s.bot.strategies.BollingerStrategy -
				Potential earning 0.00006
2026-02-07 13:38:54 [main] INFO  s.bot.strategies.BollingerStrategy -
				Potential earning 0.00003
2026-02-07 13:38:54 [main] INFO  s.bot.strategies.BollingerStrategy -
				Potential earning 0.00003
2026-02-07 13:38:54 [main] INFO  s.bot.strategies.BollingerStrategy -
				Potential earning 0.00006
2026-02-07 13:38:54 [main] INFO  s.bot.strategies.BollingerStrategy -
				Potential earning 0.00014
2026-02-07 13:38:54 [main] INFO  s.bot.strategies.BollingerStrategy -
				Potential earning 0.00015
2026-02-07 13:38:54 [main] INFO  s.bot.strategies.BollingerStrategy -
				Potential earning 0.00012
2026-02-07 13:38:54 [main] INFO  s.bot.strategies.BollingerStrategy -
				Potential earning 0.00009
2026-02-07 13:38:54 [main] INFO  s.bot.strategies.BollingerStrategy -
				Potential earning 0.00007
2026-02-07 13:38:54 [main] INFO  s.bot.strategies.BollingerStrategy -
				Potential earning 0.00004
2026-02-07 13:38:54 [main] INFO  s.bot.strategies.BollingerStrategy -
				Potential earning 0.00006
2026-02-07 13:38:54 [main] INFO  s.bot.strategies.BollingerStrategy -
				Potential earning 0.00004
2026-02-07 13:38:54 [main] INFO  s.bot.strategies.BollingerStrategy -
				Potential earning 0.00001
2026-02-07 13:38:54 [main] INFO  s.bot.strategies.BollingerStrategy -
				Potential earning 0.00004
2026-02-07 13:38:54 [main] INFO  s.bot.strategies.BollingerStrategy -
				Potential earning 0.00002
2026-02-07 13:38:54 [main] INFO  s.bot.strategies.BollingerStrategy -
				Potential earning 0.00004
2026-02-07 13:38:54 [main] INFO  s.bot.strategies.BollingerStrategy -
				Potential earning 0.00010
2026-02-07 13:38:54 [main] INFO  s.bot.strategies.BollingerStrategy -
				Potential earning 0.00011
2026-02-07 13:38:54 [main] INFO  s.bot.strategies.BollingerStrategy -
				Potential earning 0.00009
2026-02-07 13:38:54 [main] INFO  s.bot.strategies.BollingerStrategy -
				Potential earning 0.00009
2026-02-07 13:38:54 [main] INFO  s.bot.strategies.BollingerStrategy -
				Potential earning 0.00006
2026-02-07 13:38:54 [main] INFO  s.bot.strategies.BollingerStrategy -
				Potential earning 0.00001
2026-02-07 13:38:54 [main] INFO  s.bot.strategies.BollingerStrategy -
				Potential earning 0.00004
2026-02-07 13:38:54 [main] INFO  s.bot.strategies.BollingerStrategy -
				Potential earning 0.00003
2026-02-07 13:38:54 [main] INFO  s.bot.strategies.BollingerStrategy -
				Potential earning 0.00000
2026-02-07 13:38:54 [main] INFO  s.bot.strategies.BollingerStrategy -
				Potential earning 0.00002
2026-02-07 13:38:54 [main] INFO  s.bot.strategies.BollingerStrategy -
				Potential earning 0.00004
2026-02-07 13:38:54 [main] INFO  s.bot.strategies.BollingerStrategy -
				Potential earning 0.00006
2026-02-07 13:38:54 [main] INFO  s.bot.strategies.BollingerStrategy -
				Potential earning 0.00000
2026-02-07 13:38:54 [main] INFO  s.bot.strategies.BollingerStrategy -
				Potential earning 0.00001
2026-02-07 13:38:54 [main] INFO  s.bot.strategies.BollingerStrategy -
				Potential earning 0.00002
2026-02-07 13:38:54 [main] INFO  s.bot.strategies.BollingerStrategy -
				Potential earning -0.00004
2026-02-07 13:38:54 [main] INFO  s.bot.strategies.BollingerStrategy -
				Potential earning -0.00007
2026-02-07 13:38:54 [main] INFO  s.bot.strategies.BollingerStrategy -
				Potential earning -0.00001
2026-02-07 13:38:54 [main] INFO  s.bot.strategies.BollingerStrategy -
				Potential earning -0.00003
2026-02-07 13:38:54 [main] INFO  s.bot.strategies.BollingerStrategy -
				Potential earning -0.00005
2026-02-07 13:38:54 [main] INFO  s.bot.strategies.BollingerStrategy -
				Potential earning -0.00011
2026-02-07 13:38:54 [main] INFO  s.bot.strategies.BollingerStrategy -
				Potential earning -0.00008
2026-02-07 13:38:54 [main] INFO  s.bot.strategies.BollingerStrategy -
				Potential earning -0.00003
2026-02-07 13:38:54 [main] INFO  s.bot.strategies.BollingerStrategy -
				Potential earning -0.00003
2026-02-07 13:38:54 [main] INFO  s.bot.strategies.BollingerStrategy -
				Potential earning -0.00006
2026-02-07 13:38:54 [main] INFO  s.bot.strategies.BollingerStrategy -
				Potential earning -0.00009
2026-02-07 13:38:54 [main] INFO  s.bot.strategies.BollingerStrategy -
				Potential earning -0.00005
2026-02-07 13:38:54 [main] INFO  s.bot.strategies.BollingerStrategy -
				Potential earning 0.00000
2026-02-07 13:38:54 [main] INFO  s.bot.strategies.BollingerStrategy -
				Potential earning -0.00003
2026-02-07 13:38:54 [main] INFO  s.bot.strategies.BollingerStrategy -
				Potential earning -0.00009
2026-02-07 13:38:54 [main] INFO  s.bot.strategies.BollingerStrategy -
				Potential earning -0.00010
2026-02-07 13:38:54 [main] INFO  s.bot.strategies.BollingerStrategy -
				Potential earning -0.00005
2026-02-07 13:38:54 [main] INFO  s.bot.strategies.BollingerStrategy -
				Potential earning -0.00009
2026-02-07 13:38:54 [main] INFO  s.bot.strategies.BollingerStrategy -
				Potential earning -0.00011
2026-02-07 13:38:54 [main] INFO  s.bot.strategies.BollingerStrategy -
				Potential earning -0.00013
2026-02-07 13:38:54 [main] INFO  s.bot.strategies.BollingerStrategy -
				Potential earning -0.00011
2026-02-07 13:38:54 [main] INFO  s.bot.strategies.BollingerStrategy -
				Potential earning -0.00014
2026-02-07 13:38:54 [main] INFO  s.bot.strategies.BollingerStrategy -
				Potential earning -0.00011
2026-02-07 13:38:54 [main] INFO  s.bot.strategies.BollingerStrategy -
				Potential earning -0.00014
2026-02-07 13:38:54 [main] INFO  s.bot.strategies.BollingerStrategy -
				Potential earning -0.00014
2026-02-07 13:38:54 [main] INFO  s.bot.strategies.BollingerStrategy -
				Potential earning -0.00019
2026-02-07 13:38:54 [main] INFO  s.bot.strategies.BollingerStrategy -
				Potential earning -0.00019
2026-02-07 13:38:54 [main] INFO  s.bot.strategies.BollingerStrategy -
				Potential earning -0.00023
2026-02-07 13:38:54 [main] INFO  s.bot.strategies.BollingerStrategy -
				Potential earning -0.00021
2026-02-07 13:38:54 [main] INFO  s.bot.strategies.BollingerStrategy -
				Potential earning -0.00023
2026-02-07 13:38:54 [main] INFO  s.bot.strategies.BollingerStrategy -
				Potential earning -0.00026
2026-02-07 13:38:54 [main] INFO  s.bot.strategies.BollingerStrategy -
				Potential earning -0.00022
2026-02-07 13:38:54 [main] INFO  s.bot.strategies.BollingerStrategy -
				Potential earning -0.00020
2026-02-07 13:38:54 [main] INFO  s.bot.strategies.BollingerStrategy -
				Potential earning -0.00012
2026-02-07 13:38:54 [main] INFO  s.bot.strategies.BollingerStrategy -
				Potential earning -0.00015
2026-02-07 13:38:54 [main] INFO  s.bot.strategies.BollingerStrategy -
				Potential earning -0.00012
2026-02-07 13:38:54 [main] INFO  s.bot.strategies.BollingerStrategy -
				Potential earning -0.00015
2026-02-07 13:38:54 [main] INFO  s.bot.strategies.BollingerStrategy -
				Potential earning -0.00017
2026-02-07 13:38:54 [main] INFO  s.bot.strategies.BollingerStrategy -
				Potential earning -0.00014
2026-02-07 13:38:54 [main] INFO  s.bot.strategies.BollingerStrategy -
				Potential earning -0.00018
2026-02-07 13:38:54 [main] INFO  s.bot.strategies.BollingerStrategy -
				Potential earning -0.00014
2026-02-07 13:38:54 [main] INFO  s.bot.strategies.BollingerStrategy -
				Potential earning -0.00016
2026-02-07 13:38:54 [main] INFO  s.bot.strategies.BollingerStrategy -
				Potential earning -0.00017
2026-02-07 13:38:54 [main] INFO  s.bot.strategies.BollingerStrategy -
				Potential earning -0.00021
2026-02-07 13:38:54 [main] INFO  s.bot.strategies.BollingerStrategy -
				Potential earning -0.00024
2026-02-07 13:38:54 [main] INFO  s.bot.strategies.BollingerStrategy -
				Potential earning -0.00024
2026-02-07 13:38:54 [main] INFO  s.bot.strategies.BollingerStrategy -
				Potential earning -0.00026
2026-02-07 13:38:54 [main] INFO  s.bot.strategies.BollingerStrategy -
				Potential earning -0.00021
2026-02-07 13:38:54 [main] INFO  s.bot.strategies.BollingerStrategy -
				Potential earning -0.00023
2026-02-07 13:38:54 [main] INFO  s.bot.strategies.BollingerStrategy -
				Potential earning -0.00026
2026-02-07 13:38:54 [main] INFO  s.bot.strategies.BollingerStrategy -
				Potential earning -0.00029
2026-02-07 13:38:54 [main] INFO  s.bot.strategies.BollingerStrategy -
				Potential earning -0.00025
2026-02-07 13:38:54 [main] INFO  s.bot.strategies.BollingerStrategy -
				Potential earning -0.00024
2026-02-07 13:38:54 [main] INFO  s.bot.strategies.BollingerStrategy -
				Potential earning -0.00019
2026-02-07 13:38:54 [main] INFO  s.bot.strategies.BollingerStrategy -
				Potential earning -0.00017
2026-02-07 13:38:54 [main] INFO  s.bot.strategies.BollingerStrategy -
				Potential earning -0.00010
2026-02-07 13:38:54 [main] INFO  s.bot.strategies.BollingerStrategy -
				Potential earning -0.00010
2026-02-07 13:38:54 [main] INFO  s.bot.strategies.BollingerStrategy -
				Potential earning -0.00010
2026-02-07 13:38:54 [main] INFO  s.bot.strategies.BollingerStrategy -
				Potential earning -0.00007
2026-02-07 13:38:54 [main] INFO  s.bot.strategies.BollingerStrategy -
				Potential earning -0.00003
2026-02-07 13:38:54 [main] INFO  s.bot.strategies.BollingerStrategy -
				Potential earning 0.00000
2026-02-07 13:38:54 [main] INFO  s.bot.strategies.BollingerStrategy -
				Potential earning 0.00005
2026-02-07 13:38:54 [main] INFO  s.bot.strategies.BollingerStrategy -
				Potential earning 0.00014
2026-02-07 13:38:54 [main] INFO  s.bot.strategies.BollingerStrategy -
				Potential earning 0.00015
2026-02-07 13:38:54 [main] INFO  s.bot.strategies.BollingerStrategy -
				Potential earning 0.00018
2026-02-07 13:38:54 [main] INFO  s.bot.strategies.BollingerStrategy -
				Potential earning 0.00009
2026-02-07 13:38:54 [main] INFO  s.bot.strategies.BollingerStrategy -
				Potential earning 0.00008
2026-02-07 13:38:54 [main] INFO  s.bot.strategies.BollingerStrategy -
				Potential earning 0.00005
2026-02-07 13:38:54 [main] INFO  s.bot.strategies.BollingerStrategy -
				Potential earning 0.00002
2026-02-07 13:38:54 [main] INFO  s.bot.strategies.BollingerStrategy -
				Potential earning 0.00000
2026-02-07 13:38:54 [main] INFO  s.bot.strategies.BollingerStrategy -
				Potential earning -0.00003
2026-02-07 13:38:54 [main] INFO  s.bot.strategies.BollingerStrategy -
				Potential earning 0.00000
2026-02-07 13:38:54 [main] INFO  s.bot.strategies.BollingerStrategy -
				Potential earning 0.00002
2026-02-07 13:38:54 [main] INFO  s.bot.strategies.BollingerStrategy -
				Potential earning 0.00003
2026-02-07 13:38:54 [main] INFO  s.bot.strategies.BollingerStrategy -
				Potential earning 0.00000
2026-02-07 13:38:55 [main] INFO  s.bot.strategies.BollingerStrategy -
				Potential earning 0.00003
2026-02-07 13:38:55 [main] INFO  s.bot.strategies.BollingerStrategy -
				Potential earning 0.00003
2026-02-07 13:38:55 [main] INFO  s.bot.strategies.BollingerStrategy -
				Potential earning 0.00004
2026-02-07 13:38:55 [main] INFO  s.bot.strategies.BollingerStrategy -
				Potential earning 0.00008
2026-02-07 13:38:55 [main] INFO  s.bot.strategies.BollingerStrategy -
				Potential earning 0.00012
2026-02-07 13:38:55 [main] INFO  s.bot.strategies.BollingerStrategy -
				Potential earning 0.00008
2026-02-07 13:38:55 [main] INFO  s.bot.strategies.BollingerStrategy -
				Potential earning 0.00006
2026-02-07 13:38:55 [main] INFO  s.bot.strategies.BollingerStrategy -
				Potential earning 0.00008
2026-02-07 13:38:55 [main] INFO  s.bot.strategies.BollingerStrategy -
				Potential earning 0.00004
2026-02-07 13:38:55 [main] INFO  s.bot.strategies.BollingerStrategy -
				Potential earning 0.00001
2026-02-07 13:38:55 [main] INFO  s.bot.strategies.BollingerStrategy -
				Potential earning 0.00000
2026-02-07 13:38:55 [main] INFO  s.bot.strategies.BollingerStrategy -
				Potential earning -0.00007
2026-02-07 13:38:55 [main] INFO  s.bot.strategies.BollingerStrategy -
				Potential earning -0.00016
2026-02-07 13:38:55 [main] INFO  s.bot.strategies.BollingerStrategy -
				Potential earning -0.00017
2026-02-07 13:38:55 [main] INFO  s.bot.strategies.BollingerStrategy -
				Potential earning -0.00016
2026-02-07 13:38:55 [main] INFO  s.bot.strategies.BollingerStrategy -
				Potential earning -0.00013
2026-02-07 13:38:55 [main] INFO  s.bot.strategies.BollingerStrategy -
				Potential earning -0.00007
2026-02-07 13:38:55 [main] INFO  s.bot.strategies.BollingerStrategy -
				Potential earning -0.00005
2026-02-07 13:38:55 [main] INFO  s.bot.strategies.BollingerStrategy -
				Potential earning -0.00010
2026-02-07 13:38:55 [main] INFO  s.bot.strategies.BollingerStrategy -
				Potential earning -0.00013
2026-02-07 13:38:55 [main] INFO  s.bot.strategies.BollingerStrategy -
				Potential earning -0.00007
2026-02-07 13:38:55 [main] INFO  s.bot.strategies.BollingerStrategy -
				Potential earning -0.00012
2026-02-07 13:38:55 [main] INFO  s.bot.strategies.BollingerStrategy -
				Potential earning -0.00010
2026-02-07 13:38:55 [main] INFO  s.bot.strategies.BollingerStrategy -
				Potential earning -0.00008
2026-02-07 13:38:55 [main] INFO  s.bot.strategies.BollingerStrategy -
				Potential earning -0.00010
2026-02-07 13:38:55 [main] INFO  s.bot.strategies.BollingerStrategy -
				Potential earning -0.00013
2026-02-07 13:38:55 [main] INFO  s.bot.strategies.BollingerStrategy -
				Potential earning -0.00027
2026-02-07 13:38:55 [main] INFO  s.bot.strategies.BollingerStrategy -
				Potential earning -0.00029
2026-02-07 13:38:55 [main] INFO  s.bot.strategies.BollingerStrategy -
				Potential earning -0.00027
2026-02-07 13:38:55 [main] INFO  s.bot.strategies.BollingerStrategy -
				Potential earning -0.00016
2026-02-07 13:38:55 [main] INFO  s.bot.strategies.BollingerStrategy -
				Potential earning -0.00026
2026-02-07 13:38:55 [main] INFO  s.bot.strategies.BollingerStrategy -
				Potential earning -0.00029
2026-02-07 13:38:55 [main] INFO  s.b.s.AccountBackTestingService -
				close at 1.06723  stopLoss 1.067260
2026-02-07 13:38:55 [main] INFO  s.b.s.TransactionStreamService -
				{"accountBalance":"739.4512","accountID":"101-004-4267188-001","batchID":"7402","financing":"-0.0024","id":"7402","instrument":"EUR_USD","orderID":"7401","pl":"-3.1052","price":"1.06723","reason":"STOP_LOSS_ORDER","time":"2016-12-02T12:40:37.550-05:00[GMT-05:00]","tradesClosed":[{"financing":"-0.0024","realizedPL":"-3.1052","tradeID":"7400","units":"10000"}],"type":"ORDER_FILL","units":"10000","userID":0}
2026-02-07 13:38:55 [main] INFO  s.bot.strategies.BollingerStrategy -
				Time: 2016-12-02T12:40:39.177-05:00[GMT-05:00]
2026-02-07 13:38:55 [main] INFO  s.bot.strategies.BollingerStrategy -
				Waiting for candle to be inside bands before opening position. current price 1.067125  lower band 1.067096
2026-02-07 13:38:55 [main] INFO  s.b.s.TransactionStreamService -
				{"accountBalance":"742.5588","accountID":"101-004-4267188-001","batchID":"7399","financing":"0.0000","id":"7400","instrument":"EUR_USD","orderID":"7399","pl":"0.0000","price":"1.06703","reason":"MARKET_ORDER","time":"2016-12-02T12:40:42.446-05:00[GMT-05:00]","tradeOpened":{"tradeID":"7400","units":"10000"},"type":"ORDER_FILL","units":"10000","userID":4267188}
2026-02-07 13:38:55 [main] INFO  s.bot.strategies.BollingerStrategy -
				Time: 2016-12-02T12:40:42.446-05:00[GMT-05:00]
2026-02-07 13:38:55 [main] INFO  s.bot.strategies.BollingerStrategy -
				Open Position (Long) 1.06703
2026-02-07 13:38:55 [main] INFO  s.bot.strategies.BollingerStrategy -
				Stop loss: 1.066730
2026-02-07 13:38:55 [main] INFO  s.bot.strategies.BollingerStrategy -
				Potential earning 0.00018
2026-02-07 13:38:55 [main] INFO  s.bot.strategies.BollingerStrategy -
				Potential earning 0.00024
2026-02-07 13:38:55 [main] INFO  s.bot.strategies.BollingerStrategy -
				Potential earning 0.00030
2026-02-07 13:38:55 [main] INFO  s.bot.strategies.BollingerStrategy -
				Potential earning 0.00039
2026-02-07 13:38:55 [main] INFO  s.bot.strategies.BollingerStrategy -
				Potential earning 0.00035
2026-02-07 13:38:55 [main] INFO  s.bot.strategies.BollingerStrategy -
				Potential earning 0.00030
2026-02-07 13:38:55 [main] INFO  s.bot.strategies.BollingerStrategy -
				Potential earning 0.00032
2026-02-07 13:38:55 [main] INFO  s.bot.strategies.BollingerStrategy -
				Potential earning 0.00025
2026-02-07 13:38:55 [main] INFO  s.bot.strategies.BollingerStrategy -
				Potential earning 0.00023
2026-02-07 13:38:55 [main] INFO  s.bot.strategies.BollingerStrategy -
				Potential earning 0.00028
2026-02-07 13:38:55 [main] INFO  s.bot.strategies.BollingerStrategy -
				Potential earning 0.00023
2026-02-07 13:38:55 [main] INFO  s.bot.strategies.BollingerStrategy -
				Potential earning 0.00026
2026-02-07 13:38:55 [main] INFO  s.bot.strategies.BollingerStrategy -
				Potential earning 0.00021
2026-02-07 13:38:55 [main] INFO  s.bot.strategies.BollingerStrategy -
				Potential earning 0.00019
2026-02-07 13:38:55 [main] INFO  s.bot.strategies.BollingerStrategy -
				Potential earning 0.00016
2026-02-07 13:38:55 [main] INFO  s.bot.strategies.BollingerStrategy -
				Potential earning 0.00019
2026-02-07 13:38:55 [main] INFO  s.bot.strategies.BollingerStrategy -
				Potential earning 0.00022
2026-02-07 13:38:55 [main] INFO  s.bot.strategies.BollingerStrategy -
				Potential earning 0.00018
2026-02-07 13:38:55 [main] INFO  s.bot.strategies.BollingerStrategy -
				Potential earning 0.00023
2026-02-07 13:38:55 [main] INFO  s.bot.strategies.BollingerStrategy -
				Potential earning 0.00026
2026-02-07 13:38:55 [main] INFO  s.bot.strategies.BollingerStrategy -
				Potential earning 0.00020
2026-02-07 13:38:55 [main] INFO  s.bot.strategies.BollingerStrategy -
				Potential earning 0.00018
2026-02-07 13:38:55 [main] INFO  s.bot.strategies.BollingerStrategy -
				Potential earning 0.00021
2026-02-07 13:38:55 [main] INFO  s.bot.strategies.BollingerStrategy -
				Potential earning 0.00023
2026-02-07 13:38:55 [main] INFO  s.bot.strategies.BollingerStrategy -
				Potential earning 0.00026
2026-02-07 13:38:55 [main] INFO  s.bot.strategies.BollingerStrategy -
				Potential earning 0.00026
2026-02-07 13:38:55 [main] INFO  s.bot.strategies.BollingerStrategy -
				Potential earning 0.00020
2026-02-07 13:38:55 [main] INFO  s.bot.strategies.BollingerStrategy -
				Potential earning 0.00014
2026-02-07 13:38:55 [main] INFO  s.bot.strategies.BollingerStrategy -
				Potential earning 0.00017
2026-02-07 13:38:55 [main] INFO  s.bot.strategies.BollingerStrategy -
				Potential earning 0.00026
2026-02-07 13:38:55 [main] INFO  s.bot.strategies.BollingerStrategy -
				Potential earning 0.00014
2026-02-07 13:38:55 [main] INFO  s.bot.strategies.BollingerStrategy -
				Potential earning 0.00015
2026-02-07 13:38:55 [main] INFO  s.bot.strategies.BollingerStrategy -
				Potential earning 0.00024
2026-02-07 13:38:55 [main] INFO  s.bot.strategies.BollingerStrategy -
				Potential earning 0.00020
2026-02-07 13:38:55 [main] INFO  s.bot.strategies.BollingerStrategy -
				Potential earning 0.00023
2026-02-07 13:38:55 [main] INFO  s.bot.strategies.BollingerStrategy -
				Potential earning 0.00018
2026-02-07 13:38:55 [main] INFO  s.bot.strategies.BollingerStrategy -
				Potential earning 0.00016
2026-02-07 13:38:55 [main] INFO  s.bot.strategies.BollingerStrategy -
				Potential earning 0.00004
2026-02-07 13:38:55 [main] INFO  s.bot.strategies.BollingerStrategy -
				Potential earning 0.00009
2026-02-07 13:38:55 [main] INFO  s.bot.strategies.BollingerStrategy -
				Potential earning 0.00013
2026-02-07 13:38:55 [main] INFO  s.bot.strategies.BollingerStrategy -
				Potential earning 0.00010
2026-02-07 13:38:55 [main] INFO  s.bot.strategies.BollingerStrategy -
				Potential earning 0.00013
2026-02-07 13:38:55 [main] INFO  s.bot.strategies.BollingerStrategy -
				Potential earning 0.00010
2026-02-07 13:38:55 [main] INFO  s.bot.strategies.BollingerStrategy -
				Potential earning 0.00008
2026-02-07 13:38:55 [main] INFO  s.bot.strategies.BollingerStrategy -
				Potential earning 0.00005
2026-02-07 13:38:55 [main] INFO  s.bot.strategies.BollingerStrategy -
				Potential earning 0.00009
2026-02-07 13:38:55 [main] INFO  s.bot.strategies.BollingerStrategy -
				Potential earning 0.00007
2026-02-07 13:38:55 [main] INFO  s.bot.strategies.BollingerStrategy -
				Potential earning 0.00010
2026-02-07 13:38:55 [main] INFO  s.bot.strategies.BollingerStrategy -
				Potential earning 0.00019
2026-02-07 13:38:55 [main] INFO  s.bot.strategies.BollingerStrategy -
				Potential earning 0.00019
2026-02-07 13:38:55 [main] INFO  s.bot.strategies.BollingerStrategy -
				Potential earning 0.00024
2026-02-07 13:38:55 [main] INFO  s.bot.strategies.BollingerStrategy -
				Potential earning 0.00019
2026-02-07 13:38:55 [main] INFO  s.bot.strategies.BollingerStrategy -
				Potential earning 0.00014
2026-02-07 13:38:55 [main] INFO  s.bot.strategies.BollingerStrategy -
				Potential earning 0.00017
2026-02-07 13:38:55 [main] INFO  s.bot.strategies.BollingerStrategy -
				Potential earning 0.00020
2026-02-07 13:38:55 [main] INFO  s.bot.strategies.BollingerStrategy -
				Potential earning 0.00020
2026-02-07 13:38:55 [main] INFO  s.bot.strategies.BollingerStrategy -
				Potential earning 0.00014
2026-02-07 13:38:55 [main] INFO  s.bot.strategies.BollingerStrategy -
				Potential earning 0.00012
2026-02-07 13:38:55 [main] INFO  s.bot.strategies.BollingerStrategy -
				Potential earning 0.00010
2026-02-07 13:38:55 [main] INFO  s.bot.strategies.BollingerStrategy -
				Potential earning 0.00010
2026-02-07 13:38:55 [main] INFO  s.bot.strategies.BollingerStrategy -
				Potential earning 0.00010
2026-02-07 13:38:55 [main] INFO  s.bot.strategies.BollingerStrategy -
				Potential earning 0.00012
2026-02-07 13:38:55 [main] INFO  s.bot.strategies.BollingerStrategy -
				Potential earning 0.00017
2026-02-07 13:38:55 [main] INFO  s.bot.strategies.BollingerStrategy -
				Potential earning 0.00014
2026-02-07 13:38:55 [main] INFO  s.bot.strategies.BollingerStrategy -
				Potential earning 0.00013
2026-02-07 13:38:55 [main] INFO  s.bot.strategies.BollingerStrategy -
				Potential earning 0.00014
2026-02-07 13:38:55 [main] INFO  s.bot.strategies.BollingerStrategy -
				Potential earning 0.00017
2026-02-07 13:38:55 [main] INFO  s.bot.strategies.BollingerStrategy -
				Potential earning 0.00021
2026-02-07 13:38:55 [main] INFO  s.bot.strategies.BollingerStrategy -
				Potential earning 0.00019
2026-02-07 13:38:55 [main] INFO  s.bot.strategies.BollingerStrategy -
				Potential earning 0.00016
2026-02-07 13:38:55 [main] INFO  s.bot.strategies.BollingerStrategy -
				Potential earning 0.00015
2026-02-07 13:38:55 [main] INFO  s.bot.strategies.BollingerStrategy -
				Potential earning 0.00017
2026-02-07 13:38:55 [main] INFO  s.bot.strategies.BollingerStrategy -
				Potential earning 0.00014
2026-02-07 13:38:55 [main] INFO  s.bot.strategies.BollingerStrategy -
				Potential earning 0.00017
2026-02-07 13:38:55 [main] INFO  s.bot.strategies.BollingerStrategy -
				Potential earning 0.00015
2026-02-07 13:38:55 [main] INFO  s.bot.strategies.BollingerStrategy -
				Potential earning 0.00019
2026-02-07 13:38:55 [main] INFO  s.bot.strategies.BollingerStrategy -
				Potential earning 0.00013
2026-02-07 13:38:55 [main] INFO  s.bot.strategies.BollingerStrategy -
				Potential earning 0.00013
2026-02-07 13:38:55 [main] INFO  s.bot.strategies.BollingerStrategy -
				Potential earning 0.00010
2026-02-07 13:38:55 [main] INFO  s.bot.strategies.BollingerStrategy -
				Potential earning 0.00006
2026-02-07 13:38:55 [main] INFO  s.bot.strategies.BollingerStrategy -
				Potential earning 0.00011
2026-02-07 13:38:55 [main] INFO  s.bot.strategies.BollingerStrategy -
				Potential earning 0.00008
2026-02-07 13:38:55 [main] INFO  s.bot.strategies.BollingerStrategy -
				Potential earning 0.00011
2026-02-07 13:38:55 [main] INFO  s.bot.strategies.BollingerStrategy -
				Potential earning 0.00014
2026-02-07 13:38:55 [main] INFO  s.bot.strategies.BollingerStrategy -
				Potential earning 0.00009
2026-02-07 13:38:56 [main] INFO  s.bot.strategies.BollingerStrategy -
				Potential earning 0.00008
2026-02-07 13:38:56 [main] INFO  s.bot.strategies.BollingerStrategy -
				Potential earning 0.00011
2026-02-07 13:38:56 [main] INFO  s.bot.strategies.BollingerStrategy -
				Potential earning 0.00009
2026-02-07 13:38:56 [main] INFO  s.bot.strategies.BollingerStrategy -
				Potential earning 0.00011
2026-02-07 13:38:56 [main] INFO  s.bot.strategies.BollingerStrategy -
				Potential earning 0.00018
2026-02-07 13:38:56 [main] INFO  s.bot.strategies.BollingerStrategy -
				Potential earning 0.00021
2026-02-07 13:38:56 [main] INFO  s.bot.strategies.BollingerStrategy -
				Potential earning 0.00021
2026-02-07 13:38:56 [main] INFO  s.bot.strategies.BollingerStrategy -
				Potential earning 0.00024
2026-02-07 13:38:56 [main] INFO  s.bot.strategies.BollingerStrategy -
				Potential earning 0.00021
2026-02-07 13:38:56 [main] INFO  s.bot.strategies.BollingerStrategy -
				Potential earning 0.00023
2026-02-07 13:38:56 [main] INFO  s.bot.strategies.BollingerStrategy -
				Potential earning 0.00025
2026-02-07 13:38:56 [main] INFO  s.bot.strategies.BollingerStrategy -
				Potential earning 0.00032
2026-02-07 13:38:56 [main] INFO  s.bot.strategies.BollingerStrategy -
				Potential earning 0.00039
2026-02-07 13:38:56 [main] INFO  s.bot.strategies.BollingerStrategy -
				Potential earning 0.00038
2026-02-07 13:38:56 [main] INFO  s.bot.strategies.BollingerStrategy -
				Potential earning 0.00037
2026-02-07 13:38:56 [main] INFO  s.bot.strategies.BollingerStrategy -
				Potential earning 0.00041
2026-02-07 13:38:56 [main] INFO  s.bot.strategies.BollingerStrategy -
				Potential earning 0.00040
2026-02-07 13:38:56 [main] INFO  s.bot.strategies.BollingerStrategy -
				Potential earning 0.00037
2026-02-07 13:38:56 [main] INFO  s.bot.strategies.BollingerStrategy -
				Potential earning 0.00036
2026-02-07 13:38:56 [main] INFO  s.bot.strategies.BollingerStrategy -
				Potential earning 0.00037
2026-02-07 13:38:56 [main] INFO  s.bot.strategies.BollingerStrategy -
				Potential earning 0.00042
2026-02-07 13:38:56 [main] INFO  s.bot.strategies.BollingerStrategy -
				Potential earning 0.00039
2026-02-07 13:38:56 [main] INFO  s.bot.strategies.BollingerStrategy -
				Potential earning 0.00036
2026-02-07 13:38:56 [main] INFO  s.bot.strategies.BollingerStrategy -
				Potential earning 0.00038
2026-02-07 13:38:56 [main] INFO  s.bot.strategies.BollingerStrategy -
				Potential earning 0.00036
2026-02-07 13:38:56 [main] INFO  s.bot.strategies.BollingerStrategy -
				Potential earning 0.00035
2026-02-07 13:38:56 [main] INFO  s.bot.strategies.BollingerStrategy -
				Potential earning 0.00041
2026-02-07 13:38:56 [main] INFO  s.bot.strategies.BollingerStrategy -
				Potential earning 0.00039
2026-02-07 13:38:56 [main] INFO  s.bot.strategies.BollingerStrategy -
				Potential earning 0.00038
2026-02-07 13:38:56 [main] INFO  s.bot.strategies.BollingerStrategy -
				Potential earning 0.00036
2026-02-07 13:38:56 [main] INFO  s.bot.strategies.BollingerStrategy -
				Potential earning 0.00039
2026-02-07 13:38:56 [main] INFO  s.bot.strategies.BollingerStrategy -
				Potential earning 0.00039
2026-02-07 13:38:56 [main] INFO  s.bot.strategies.BollingerStrategy -
				Potential earning 0.00041
2026-02-07 13:38:56 [main] INFO  s.bot.strategies.BollingerStrategy -
				Potential earning 0.00039
2026-02-07 13:38:56 [main] INFO  s.bot.strategies.BollingerStrategy -
				Potential earning 0.00037
2026-02-07 13:38:56 [main] INFO  s.bot.strategies.BollingerStrategy -
				Potential earning 0.00037
2026-02-07 13:38:56 [main] INFO  s.bot.strategies.BollingerStrategy -
				Potential earning 0.00050
2026-02-07 13:38:56 [main] INFO  s.bot.strategies.BollingerStrategy -
				Potential earning 0.00043
2026-02-07 13:38:56 [main] INFO  s.bot.strategies.BollingerStrategy -
				Potential earning 0.00038
2026-02-07 13:38:56 [main] INFO  s.bot.strategies.BollingerStrategy -
				Potential earning 0.00041
2026-02-07 13:38:56 [main] INFO  s.bot.strategies.BollingerStrategy -
				Potential earning 0.00040
2026-02-07 13:38:56 [main] INFO  s.bot.strategies.BollingerStrategy -
				Potential earning 0.00037
2026-02-07 13:38:56 [main] INFO  s.bot.strategies.BollingerStrategy -
				Potential earning 0.00034
2026-02-07 13:38:56 [main] INFO  s.bot.strategies.BollingerStrategy -
				Potential earning 0.00039
2026-02-07 13:38:56 [main] INFO  s.bot.strategies.BollingerStrategy -
				Potential earning 0.00036
2026-02-07 13:38:56 [main] INFO  s.bot.strategies.BollingerStrategy -
				Potential earning 0.00036
2026-02-07 13:38:56 [main] INFO  s.bot.strategies.BollingerStrategy -
				Potential earning 0.00036
2026-02-07 13:38:56 [main] INFO  s.bot.strategies.BollingerStrategy -
				Potential earning 0.00038
2026-02-07 13:38:56 [main] INFO  s.bot.strategies.BollingerStrategy -
				Potential earning 0.00036
2026-02-07 13:38:56 [main] INFO  s.bot.strategies.BollingerStrategy -
				Potential earning 0.00039
2026-02-07 13:38:56 [main] INFO  s.bot.strategies.BollingerStrategy -
				Potential earning 0.00037
2026-02-07 13:38:56 [main] INFO  s.bot.strategies.BollingerStrategy -
				Potential earning 0.00036
2026-02-07 13:38:56 [main] INFO  s.bot.strategies.BollingerStrategy -
				Potential earning 0.00038
2026-02-07 13:38:56 [main] INFO  s.bot.strategies.BollingerStrategy -
				Potential earning 0.00034
2026-02-07 13:38:56 [main] INFO  s.bot.strategies.BollingerStrategy -
				Potential earning 0.00038
2026-02-07 13:38:56 [main] INFO  s.bot.strategies.BollingerStrategy -
				Potential earning 0.00037
2026-02-07 13:38:56 [main] INFO  s.bot.strategies.BollingerStrategy -
				Potential earning 0.00038
2026-02-07 13:38:56 [main] INFO  s.bot.strategies.BollingerStrategy -
				Potential earning 0.00037
2026-02-07 13:38:56 [main] INFO  s.bot.strategies.BollingerStrategy -
				Potential earning 0.00050
2026-02-07 13:38:56 [main] INFO  s.bot.strategies.BollingerStrategy -
				Potential earning 0.00050
2026-02-07 13:38:56 [main] INFO  s.bot.strategies.BollingerStrategy -
				Potential earning 0.00052
2026-02-07 13:38:56 [main] INFO  s.bot.strategies.BollingerStrategy -
				Time: 2016-12-02T12:54:40.798-05:00[GMT-05:00]
2026-02-07 13:38:56 [main] INFO  s.bot.strategies.BollingerStrategy -
				Trying to update stoploss to 1.06725
2026-02-07 13:38:56 [main] INFO  s.b.s.TransactionStreamService -
				{"accountID":"101-004-4267188-001","batchID":"7406","cancellingTransactionID":"7406","id":"7407","price":"1.06725","reason":"REPLACEMENT","replacesOrderID":"7405","time":"2016-12-02T12:54:40.798-05:00[GMT-05:00]","timeInForce":"GTC","tradeID":"7404","triggerCondition":"TRIGGER_DEFAULT","type":"STOP_LOSS_ORDER","userID":4267188}
2026-02-07 13:38:56 [main] INFO  s.bot.strategies.BollingerStrategy -
				Set Stoploss order to 1.06725, tradeId:null
2026-02-07 13:38:56 [main] INFO  s.bot.strategies.BollingerStrategy -
				Potential earning 0.00002
2026-02-07 13:38:56 [main] INFO  s.bot.strategies.BollingerStrategy -
				Potential earning 0.00006
2026-02-07 13:38:56 [main] INFO  s.bot.strategies.BollingerStrategy -
				Potential earning 0.00007
2026-02-07 13:38:56 [main] INFO  s.bot.strategies.BollingerStrategy -
				Potential earning 0.00006
2026-02-07 13:38:56 [main] INFO  s.bot.strategies.BollingerStrategy -
				Potential earning 0.00010
2026-02-07 13:38:56 [main] INFO  s.bot.strategies.BollingerStrategy -
				Potential earning 0.00013
2026-02-07 13:38:56 [main] INFO  s.bot.strategies.BollingerStrategy -
				Potential earning 0.00014
2026-02-07 13:38:56 [main] INFO  s.bot.strategies.BollingerStrategy -
				Potential earning 0.00011
2026-02-07 13:38:56 [main] INFO  s.bot.strategies.BollingerStrategy -
				Potential earning 0.00003
2026-02-07 13:38:56 [main] INFO  s.bot.strategies.BollingerStrategy -
				Potential earning 0.00000
2026-02-07 13:38:56 [main] INFO  s.bot.strategies.BollingerStrategy -
				Potential earning 0.00003
2026-02-07 13:38:56 [main] INFO  s.bot.strategies.BollingerStrategy -
				Potential earning 0.00007
2026-02-07 13:38:56 [main] INFO  s.bot.strategies.BollingerStrategy -
				Potential earning 0.00009
2026-02-07 13:38:56 [main] INFO  s.bot.strategies.BollingerStrategy -
				Potential earning 0.00006
2026-02-07 13:38:56 [main] INFO  s.bot.strategies.BollingerStrategy -
				Potential earning 0.00008
2026-02-07 13:38:56 [main] INFO  s.bot.strategies.BollingerStrategy -
				Potential earning 0.00013
2026-02-07 13:38:56 [main] INFO  s.bot.strategies.BollingerStrategy -
				Potential earning 0.00010
2026-02-07 13:38:56 [main] INFO  s.bot.strategies.BollingerStrategy -
				Potential earning 0.00012
2026-02-07 13:38:56 [main] INFO  s.bot.strategies.BollingerStrategy -
				Potential earning 0.00011
2026-02-07 13:38:56 [main] INFO  s.bot.strategies.BollingerStrategy -
				Potential earning 0.00008
2026-02-07 13:38:56 [main] INFO  s.bot.strategies.BollingerStrategy -
				Potential earning 0.00005
2026-02-07 13:38:56 [main] INFO  s.bot.strategies.BollingerStrategy -
				Potential earning 0.00002
2026-02-07 13:38:56 [main] INFO  s.bot.strategies.BollingerStrategy -
				Potential earning 0.00000
2026-02-07 13:38:56 [main] INFO  s.bot.strategies.BollingerStrategy -
				Potential earning -0.00004
2026-02-07 13:38:56 [main] INFO  s.bot.strategies.BollingerStrategy -
				Potential earning 0.00001
2026-02-07 13:38:56 [main] INFO  s.bot.strategies.BollingerStrategy -
				Potential earning -0.00002
2026-02-07 13:38:56 [main] INFO  s.bot.strategies.BollingerStrategy -
				Potential earning 0.00003
2026-02-07 13:38:56 [main] INFO  s.bot.strategies.BollingerStrategy -
				Potential earning 0.00004
2026-02-07 13:38:56 [main] INFO  s.bot.strategies.BollingerStrategy -
				Potential earning 0.00007
2026-02-07 13:38:56 [main] INFO  s.bot.strategies.BollingerStrategy -
				Potential earning 0.00004
2026-02-07 13:38:56 [main] INFO  s.bot.strategies.BollingerStrategy -
				Potential earning 0.00004
2026-02-07 13:38:56 [main] INFO  s.bot.strategies.BollingerStrategy -
				Potential earning 0.00004
2026-02-07 13:38:56 [main] INFO  s.bot.strategies.BollingerStrategy -
				Potential earning 0.00006
2026-02-07 13:38:56 [main] INFO  s.bot.strategies.BollingerStrategy -
				Potential earning 0.00004
2026-02-07 13:38:56 [main] INFO  s.bot.strategies.BollingerStrategy -
				Potential earning 0.00004
2026-02-07 13:38:56 [main] INFO  s.bot.strategies.BollingerStrategy -
				Potential earning 0.00007
2026-02-07 13:38:56 [main] INFO  s.bot.strategies.BollingerStrategy -
				Potential earning 0.00008
2026-02-07 13:38:56 [main] INFO  s.bot.strategies.BollingerStrategy -
				Potential earning 0.00010
2026-02-07 13:38:56 [main] INFO  s.bot.strategies.BollingerStrategy -
				Potential earning 0.00007
2026-02-07 13:38:56 [main] INFO  s.bot.strategies.BollingerStrategy -
				Potential earning 0.00007
2026-02-07 13:38:56 [main] INFO  s.bot.strategies.BollingerStrategy -
				Potential earning 0.00004
2026-02-07 13:38:56 [main] INFO  s.bot.strategies.BollingerStrategy -
				Potential earning 0.00004
2026-02-07 13:38:56 [main] INFO  s.bot.strategies.BollingerStrategy -
				Potential earning 0.00010
2026-02-07 13:38:56 [main] INFO  s.bot.strategies.BollingerStrategy -
				Potential earning 0.00007
2026-02-07 13:38:56 [main] INFO  s.bot.strategies.BollingerStrategy -
				Potential earning 0.00005
2026-02-07 13:38:56 [main] INFO  s.bot.strategies.BollingerStrategy -
				Potential earning 0.00005
2026-02-07 13:38:56 [main] INFO  s.bot.strategies.BollingerStrategy -
				Potential earning 0.00006
2026-02-07 13:38:56 [main] INFO  s.bot.strategies.BollingerStrategy -
				Potential earning 0.00002
2026-02-07 13:38:56 [main] INFO  s.bot.strategies.BollingerStrategy -
				Potential earning 0.00000
2026-02-07 13:38:56 [main] INFO  s.bot.strategies.BollingerStrategy -
				Potential earning -0.00004
2026-02-07 13:38:56 [main] INFO  s.bot.strategies.BollingerStrategy -
				Potential earning -0.00006
2026-02-07 13:38:56 [main] INFO  s.bot.strategies.BollingerStrategy -
				Potential earning -0.00006
2026-02-07 13:38:56 [main] INFO  s.bot.strategies.BollingerStrategy -
				Potential earning -0.00008
2026-02-07 13:38:56 [main] INFO  s.bot.strategies.BollingerStrategy -
				Potential earning -0.00006
2026-02-07 13:38:56 [main] INFO  s.bot.strategies.BollingerStrategy -
				Potential earning -0.00004
2026-02-07 13:38:56 [main] INFO  s.bot.strategies.BollingerStrategy -
				Potential earning 0.00001
2026-02-07 13:38:56 [main] INFO  s.bot.strategies.BollingerStrategy -
				Potential earning 0.00008
2026-02-07 13:38:56 [main] INFO  s.bot.strategies.BollingerStrategy -
				Potential earning 0.00006
2026-02-07 13:38:56 [main] INFO  s.bot.strategies.BollingerStrategy -
				Potential earning 0.00009
2026-02-07 13:38:56 [main] INFO  s.bot.strategies.BollingerStrategy -
				Potential earning 0.00011
2026-02-07 13:38:56 [main] INFO  s.bot.strategies.BollingerStrategy -
				Potential earning 0.00007
2026-02-07 13:38:56 [main] INFO  s.bot.strategies.BollingerStrategy -
				Potential earning 0.00011
2026-02-07 13:38:56 [main] INFO  s.bot.strategies.BollingerStrategy -
				Potential earning 0.00014
2026-02-07 13:38:56 [main] INFO  s.bot.strategies.BollingerStrategy -
				Potential earning 0.00011
2026-02-07 13:38:56 [main] INFO  s.bot.strategies.BollingerStrategy -
				Potential earning 0.00013
2026-02-07 13:38:56 [main] INFO  s.bot.strategies.BollingerStrategy -
				Potential earning 0.00014
2026-02-07 13:38:56 [main] INFO  s.bot.strategies.BollingerStrategy -
				Potential earning 0.00011
2026-02-07 13:38:56 [main] INFO  s.bot.strategies.BollingerStrategy -
				Potential earning 0.00011
2026-02-07 13:38:56 [main] INFO  s.bot.strategies.BollingerStrategy -
				Potential earning 0.00008
2026-02-07 13:38:56 [main] INFO  s.bot.strategies.BollingerStrategy -
				Potential earning 0.00008
2026-02-07 13:38:56 [main] INFO  s.bot.strategies.BollingerStrategy -
				Potential earning 0.00004
2026-02-07 13:38:56 [main] INFO  s.bot.strategies.BollingerStrategy -
				Potential earning 0.00004
2026-02-07 13:38:57 [main] INFO  s.bot.strategies.BollingerStrategy -
				Potential earning 0.00007
2026-02-07 13:38:57 [main] INFO  s.bot.strategies.BollingerStrategy -
				Potential earning 0.00004
2026-02-07 13:38:57 [main] INFO  s.bot.strategies.BollingerStrategy -
				Potential earning 0.00010
2026-02-07 13:38:57 [main] INFO  s.bot.strategies.BollingerStrategy -
				Potential earning 0.00010
2026-02-07 13:38:57 [main] INFO  s.bot.strategies.BollingerStrategy -
				Potential earning 0.00008
2026-02-07 13:38:57 [main] INFO  s.bot.strategies.BollingerStrategy -
				Potential earning 0.00011
2026-02-07 13:38:57 [main] INFO  s.bot.strategies.BollingerStrategy -
				Potential earning 0.00011
2026-02-07 13:38:57 [main] INFO  s.bot.strategies.BollingerStrategy -
				Potential earning 0.00008
2026-02-07 13:38:57 [main] INFO  s.bot.strategies.BollingerStrategy -
				Potential earning 0.00006
2026-02-07 13:38:57 [main] INFO  s.bot.strategies.BollingerStrategy -
				Potential earning 0.00010
2026-02-07 13:38:57 [main] INFO  s.bot.strategies.BollingerStrategy -
				Potential earning 0.00008
2026-02-07 13:38:57 [main] INFO  s.bot.strategies.BollingerStrategy -
				Potential earning 0.00010
2026-02-07 13:38:57 [main] INFO  s.bot.strategies.BollingerStrategy -
				Potential earning 0.00005
2026-02-07 13:38:57 [main] INFO  s.bot.strategies.BollingerStrategy -
				Potential earning 0.00009
2026-02-07 13:38:57 [main] INFO  s.bot.strategies.BollingerStrategy -
				Potential earning 0.00005
2026-02-07 13:38:57 [main] INFO  s.bot.strategies.BollingerStrategy -
				Potential earning 0.00008
2026-02-07 13:38:57 [main] INFO  s.bot.strategies.BollingerStrategy -
				Potential earning 0.00006
2026-02-07 13:38:57 [main] INFO  s.bot.strategies.BollingerStrategy -
				Potential earning 0.00001
2026-02-07 13:38:57 [main] INFO  s.bot.strategies.BollingerStrategy -
				Potential earning 0.00005
2026-02-07 13:38:57 [main] INFO  s.bot.strategies.BollingerStrategy -
				Potential earning 0.00006
2026-02-07 13:38:57 [main] INFO  s.bot.strategies.BollingerStrategy -
				Potential earning 0.00003
2026-02-07 13:38:57 [main] INFO  s.bot.strategies.BollingerStrategy -
				Potential earning 0.00005
2026-02-07 13:38:57 [main] INFO  s.bot.strategies.BollingerStrategy -
				Potential earning 0.00003
2026-02-07 13:38:57 [main] INFO  s.bot.strategies.BollingerStrategy -
				Potential earning -0.00002
2026-02-07 13:38:57 [main] INFO  s.bot.strategies.BollingerStrategy -
				Potential earning -0.00005
2026-02-07 13:38:57 [main] INFO  s.bot.strategies.BollingerStrategy -
				Potential earning -0.00005
2026-02-07 13:38:57 [main] INFO  s.bot.strategies.BollingerStrategy -
				Potential earning -0.00005
2026-02-07 13:38:57 [main] INFO  s.bot.strategies.BollingerStrategy -
				Potential earning -0.00002
2026-02-07 13:38:57 [main] INFO  s.bot.strategies.BollingerStrategy -
				Potential earning -0.00005
2026-02-07 13:38:57 [main] INFO  s.bot.strategies.BollingerStrategy -
				Potential earning -0.00002
2026-02-07 13:38:57 [main] INFO  s.bot.strategies.BollingerStrategy -
				Potential earning -0.00004
2026-02-07 13:38:57 [main] INFO  s.bot.strategies.BollingerStrategy -
				Potential earning -0.00001
2026-02-07 13:38:57 [main] INFO  s.bot.strategies.BollingerStrategy -
				Potential earning -0.00003
2026-02-07 13:38:57 [main] INFO  s.bot.strategies.BollingerStrategy -
				Potential earning -0.00006
2026-02-07 13:38:57 [main] INFO  s.bot.strategies.BollingerStrategy -
				Potential earning -0.00002
2026-02-07 13:38:57 [main] INFO  s.bot.strategies.BollingerStrategy -
				Potential earning -0.00009
2026-02-07 13:38:57 [main] INFO  s.bot.strategies.BollingerStrategy -
				Potential earning -0.00012
2026-02-07 13:38:57 [main] INFO  s.bot.strategies.BollingerStrategy -
				Potential earning -0.00021
2026-02-07 13:38:57 [main] INFO  s.bot.strategies.BollingerStrategy -
				Potential earning -0.00023
2026-02-07 13:38:57 [main] INFO  s.bot.strategies.BollingerStrategy -
				Potential earning -0.00021
2026-02-07 13:38:57 [main] INFO  s.bot.strategies.BollingerStrategy -
				Potential earning -0.00019
2026-02-07 13:38:57 [main] INFO  s.bot.strategies.BollingerStrategy -
				Potential earning -0.00022
2026-02-07 13:38:57 [main] INFO  s.bot.strategies.BollingerStrategy -
				Potential earning -0.00014
2026-02-07 13:38:57 [main] INFO  s.bot.strategies.BollingerStrategy -
				Potential earning -0.00018
2026-02-07 13:38:57 [main] INFO  s.bot.strategies.BollingerStrategy -
				Potential earning -0.00016
2026-02-07 13:38:57 [main] INFO  s.bot.strategies.BollingerStrategy -
				Potential earning -0.00011
2026-02-07 13:38:57 [main] INFO  s.bot.strategies.BollingerStrategy -
				Potential earning -0.00013
2026-02-07 13:38:57 [main] INFO  s.bot.strategies.BollingerStrategy -
				Potential earning -0.00010
2026-02-07 13:38:57 [main] INFO  s.bot.strategies.BollingerStrategy -
				Potential earning -0.00007
2026-02-07 13:38:57 [main] INFO  s.bot.strategies.BollingerStrategy -
				Potential earning -0.00010
2026-02-07 13:38:57 [main] INFO  s.bot.strategies.BollingerStrategy -
				Potential earning -0.00016
2026-02-07 13:38:57 [main] INFO  s.bot.strategies.BollingerStrategy -
				Potential earning -0.00016
2026-02-07 13:38:57 [main] INFO  s.bot.strategies.BollingerStrategy -
				Potential earning -0.00013
2026-02-07 13:38:57 [main] INFO  s.bot.strategies.BollingerStrategy -
				Potential earning -0.00009
2026-02-07 13:38:57 [main] INFO  s.bot.strategies.BollingerStrategy -
				Potential earning -0.00006
2026-02-07 13:38:57 [main] INFO  s.bot.strategies.BollingerStrategy -
				Potential earning -0.00003
2026-02-07 13:38:57 [main] INFO  s.bot.strategies.BollingerStrategy -
				Potential earning -0.00006
2026-02-07 13:38:57 [main] INFO  s.bot.strategies.BollingerStrategy -
				Potential earning -0.00003
2026-02-07 13:38:57 [main] INFO  s.bot.strategies.BollingerStrategy -
				Potential earning -0.00002
2026-02-07 13:38:57 [main] INFO  s.bot.strategies.BollingerStrategy -
				Potential earning 0.00000
2026-02-07 13:38:57 [main] INFO  s.bot.strategies.BollingerStrategy -
				Potential earning 0.00003
2026-02-07 13:38:57 [main] INFO  s.bot.strategies.BollingerStrategy -
				Potential earning 0.00001
2026-02-07 13:38:57 [main] INFO  s.bot.strategies.BollingerStrategy -
				Potential earning 0.00003
2026-02-07 13:38:57 [main] INFO  s.bot.strategies.BollingerStrategy -
				Potential earning 0.00005
2026-02-07 13:38:57 [main] INFO  s.bot.strategies.BollingerStrategy -
				Potential earning 0.00010
2026-02-07 13:38:57 [main] INFO  s.bot.strategies.BollingerStrategy -
				Potential earning 0.00008
2026-02-07 13:38:57 [main] INFO  s.bot.strategies.BollingerStrategy -
				Potential earning 0.00011
2026-02-07 13:38:57 [main] INFO  s.bot.strategies.BollingerStrategy -
				Potential earning 0.00006
2026-02-07 13:38:57 [main] INFO  s.bot.strategies.BollingerStrategy -
				Potential earning 0.00012
2026-02-07 13:38:57 [main] INFO  s.bot.strategies.BollingerStrategy -
				Potential earning 0.00014
2026-02-07 13:38:57 [main] INFO  s.bot.strategies.BollingerStrategy -
				Potential earning 0.00012
2026-02-07 13:38:57 [main] INFO  s.bot.strategies.BollingerStrategy -
				Potential earning 0.00009
2026-02-07 13:38:57 [main] INFO  s.bot.strategies.BollingerStrategy -
				Potential earning 0.00005
2026-02-07 13:38:57 [main] INFO  s.bot.strategies.BollingerStrategy -
				Potential earning 0.00009
2026-02-07 13:38:57 [main] INFO  s.bot.strategies.BollingerStrategy -
				Potential earning 0.00012
2026-02-07 13:38:57 [main] INFO  s.bot.strategies.BollingerStrategy -
				Potential earning 0.00014
2026-02-07 13:38:57 [main] INFO  s.bot.strategies.BollingerStrategy -
				Potential earning 0.00016
2026-02-07 13:38:57 [main] INFO  s.bot.strategies.BollingerStrategy -
				Potential earning 0.00031
2026-02-07 13:38:57 [main] INFO  s.bot.strategies.BollingerStrategy -
				Potential earning 0.00028
2026-02-07 13:38:57 [main] INFO  s.bot.strategies.BollingerStrategy -
				Potential earning 0.00031
2026-02-07 13:38:57 [main] INFO  s.bot.strategies.BollingerStrategy -
				Potential earning 0.00038
2026-02-07 13:38:57 [main] INFO  s.bot.strategies.BollingerStrategy -
				Potential earning 0.00045
2026-02-07 13:38:57 [main] INFO  s.bot.strategies.BollingerStrategy -
				Potential earning 0.00046
2026-02-07 13:38:57 [main] INFO  s.bot.strategies.BollingerStrategy -
				Potential earning 0.00045
2026-02-07 13:38:57 [main] INFO  s.bot.strategies.BollingerStrategy -
				Potential earning 0.00042
2026-02-07 13:38:57 [main] INFO  s.bot.strategies.BollingerStrategy -
				Potential earning 0.00038
2026-02-07 13:38:57 [main] INFO  s.bot.strategies.BollingerStrategy -
				Potential earning 0.00036
2026-02-07 13:38:57 [main] INFO  s.bot.strategies.BollingerStrategy -
				Potential earning 0.00038
2026-02-07 13:38:57 [main] INFO  s.bot.strategies.BollingerStrategy -
				Potential earning 0.00035
2026-02-07 13:38:57 [main] INFO  s.bot.strategies.BollingerStrategy -
				Potential earning 0.00032
2026-02-07 13:38:57 [main] INFO  s.bot.strategies.BollingerStrategy -
				Potential earning 0.00035
2026-02-07 13:38:57 [main] INFO  s.bot.strategies.BollingerStrategy -
				Potential earning 0.00037
2026-02-07 13:38:57 [main] INFO  s.bot.strategies.BollingerStrategy -
				Potential earning 0.00035
2026-02-07 13:38:57 [main] INFO  s.bot.strategies.BollingerStrategy -
				Potential earning 0.00030
2026-02-07 13:38:57 [main] INFO  s.bot.strategies.BollingerStrategy -
				Potential earning 0.00032
2026-02-07 13:38:57 [main] INFO  s.bot.strategies.BollingerStrategy -
				Potential earning 0.00028
2026-02-07 13:38:57 [main] INFO  s.bot.strategies.BollingerStrategy -
				Potential earning 0.00031
2026-02-07 13:38:57 [main] INFO  s.bot.strategies.BollingerStrategy -
				Potential earning 0.00028
2026-02-07 13:38:57 [main] INFO  s.bot.strategies.BollingerStrategy -
				Potential earning 0.00023
2026-02-07 13:38:57 [main] INFO  s.bot.strategies.BollingerStrategy -
				Potential earning 0.00021
2026-02-07 13:38:57 [main] INFO  s.bot.strategies.BollingerStrategy -
				Potential earning 0.00021
2026-02-07 13:38:57 [main] INFO  s.bot.strategies.BollingerStrategy -
				Potential earning 0.00023
2026-02-07 13:38:57 [main] INFO  s.bot.strategies.BollingerStrategy -
				Potential earning 0.00023
2026-02-07 13:38:57 [main] INFO  s.bot.strategies.BollingerStrategy -
				Potential earning 0.00023
2026-02-07 13:38:57 [main] INFO  s.bot.strategies.BollingerStrategy -
				Potential earning 0.00018
2026-02-07 13:38:57 [main] INFO  s.bot.strategies.BollingerStrategy -
				Potential earning 0.00021
2026-02-07 13:38:57 [main] INFO  s.bot.strategies.BollingerStrategy -
				Potential earning 0.00027
2026-02-07 13:38:57 [main] INFO  s.bot.strategies.BollingerStrategy -
				Potential earning 0.00031
2026-02-07 13:38:57 [main] INFO  s.bot.strategies.BollingerStrategy -
				Potential earning 0.00031
2026-02-07 13:38:57 [main] INFO  s.bot.strategies.BollingerStrategy -
				Potential earning 0.00029
2026-02-07 13:38:57 [main] INFO  s.bot.strategies.BollingerStrategy -
				Potential earning 0.00026
2026-02-07 13:38:57 [main] INFO  s.bot.strategies.BollingerStrategy -
				Potential earning 0.00023
2026-02-07 13:38:57 [main] INFO  s.bot.strategies.BollingerStrategy -
				Potential earning 0.00018
2026-02-07 13:38:57 [main] INFO  s.bot.strategies.BollingerStrategy -
				Potential earning 0.00022
2026-02-07 13:38:57 [main] INFO  s.bot.strategies.BollingerStrategy -
				Potential earning 0.00019
2026-02-07 13:38:57 [main] INFO  s.bot.strategies.BollingerStrategy -
				Potential earning 0.00016
2026-02-07 13:38:57 [main] INFO  s.bot.strategies.BollingerStrategy -
				Potential earning 0.00014
2026-02-07 13:38:57 [main] INFO  s.bot.strategies.BollingerStrategy -
				Potential earning 0.00011
2026-02-07 13:38:57 [main] INFO  s.bot.strategies.BollingerStrategy -
				Potential earning 0.00013
2026-02-07 13:38:57 [main] INFO  s.bot.strategies.BollingerStrategy -
				Potential earning 0.00018
2026-02-07 13:38:57 [main] INFO  s.bot.strategies.BollingerStrategy -
				Potential earning 0.00012
2026-02-07 13:38:57 [main] INFO  s.bot.strategies.BollingerStrategy -
				Potential earning 0.00003
2026-02-07 13:38:57 [main] INFO  s.bot.strategies.BollingerStrategy -
				Potential earning 0.00001
2026-02-07 13:38:57 [main] INFO  s.bot.strategies.BollingerStrategy -
				Potential earning -0.00007
2026-02-07 13:38:57 [main] INFO  s.bot.strategies.BollingerStrategy -
				Potential earning -0.00005
2026-02-07 13:38:57 [main] INFO  s.bot.strategies.BollingerStrategy -
				Potential earning -0.00011
2026-02-07 13:38:57 [main] INFO  s.bot.strategies.BollingerStrategy -
				Potential earning -0.00016
2026-02-07 13:38:57 [main] INFO  s.bot.strategies.BollingerStrategy -
				Potential earning -0.00027
2026-02-07 13:38:57 [main] INFO  s.bot.strategies.BollingerStrategy -
				Potential earning -0.00023
2026-02-07 13:38:57 [main] INFO  s.bot.strategies.BollingerStrategy -
				Potential earning -0.00026
2026-02-07 13:38:57 [main] INFO  s.bot.strategies.BollingerStrategy -
				Potential earning -0.00024
2026-02-07 13:38:57 [main] INFO  s.b.s.AccountBackTestingService -
				close at 1.06721  stopLoss 1.06725
2026-02-07 13:38:57 [main] INFO  s.b.s.TransactionStreamService -
				{"accountBalance":"739.4512","accountID":"101-004-4267188-001","batchID":"7402","financing":"-0.0024","id":"7402","instrument":"EUR_USD","orderID":"7401","pl":"-3.1052","price":"1.06721","reason":"STOP_LOSS_ORDER","time":"2016-12-02T13:09:28.539-05:00[GMT-05:00]","tradesClosed":[{"financing":"-0.0024","realizedPL":"-3.1052","tradeID":"7400","units":"10000"}],"type":"ORDER_FILL","units":"10000","userID":0}
2026-02-07 13:38:57 [SpringApplicationShutdownHook] INFO  o.s.b.w.e.tomcat.GracefulShutdown -
				Commencing graceful shutdown. Waiting for active requests to complete
2026-02-07 13:38:57 [main] INFO  s.bot.strategies.BollingerStrategy -
				Time: 2016-12-02T13:11:36.793-05:00[GMT-05:00]
2026-02-07 13:38:57 [tomcat-shutdown] INFO  o.s.b.w.e.tomcat.GracefulShutdown -
				Graceful shutdown complete
2026-02-07 13:38:57 [main] INFO  s.bot.strategies.BollingerStrategy -
				Waiting for candle to be inside bands before opening position. current price 1.067635  higuer band 1.067596
2026-02-07 13:38:57 [SpringApplicationShutdownHook] INFO  o.s.m.s.b.SimpleBrokerMessageHandler -
				Stopping...
2026-02-07 13:38:57 [SpringApplicationShutdownHook] INFO  o.s.m.s.b.SimpleBrokerMessageHandler -
				BrokerAvailabilityEvent[available=false, SimpleBrokerMessageHandler [org.springframework.messaging.simp.broker.DefaultSubscriptionRegistry@47f2c722]]
2026-02-07 13:38:57 [SpringApplicationShutdownHook] INFO  o.s.m.s.b.SimpleBrokerMessageHandler -
				Stopped.
2026-02-07 13:38:57 [SpringApplicationShutdownHook] INFO  s.b.s.TransactionStreamService -
				retry set to false
2026-02-07 13:38:57 [main] INFO  s.b.s.TransactionStreamService -
				{"accountBalance":"742.5588","accountID":"101-004-4267188-001","batchID":"7399","financing":"0.0000","id":"7400","instrument":"EUR_USD","orderID":"7399","pl":"0.0000","price":"1.06777","reason":"MARKET_ORDER","time":"2016-12-02T13:11:54.847-05:00[GMT-05:00]","tradeOpened":{"tradeID":"7400","units":"10000"},"type":"ORDER_FILL","units":"-10000","userID":4267188}
2026-02-07 13:38:57 [main] INFO  s.bot.strategies.BollingerStrategy -
				Time: 2016-12-02T13:11:54.847-05:00[GMT-05:00]
2026-02-07 13:38:57 [main] INFO  s.bot.strategies.BollingerStrategy -
				Open Position (Short) 1.06777
2026-02-07 13:38:57 [SpringApplicationShutdownHook] INFO  s.bot.services.PriceStreamService -
				retry set to false
2026-02-07 13:38:57 [main] INFO  s.bot.strategies.BollingerStrategy -
				Stop loss: 1.068070
2026-02-07 13:38:57 [main] INFO  s.bot.strategies.BollingerStrategy -
				Potential earning 0.00013
2026-02-07 13:38:57 [main] INFO  s.bot.strategies.BollingerStrategy -
				Potential earning 0.00016
2026-02-07 13:38:57 [main] INFO  s.bot.strategies.BollingerStrategy -
				Potential earning 0.00012
2026-02-07 13:38:57 [main] INFO  s.bot.strategies.BollingerStrategy -
				Potential earning 0.00014
2026-02-07 13:38:57 [main] INFO  s.bot.strategies.BollingerStrategy -
				Potential earning 0.00010
2026-02-07 13:38:57 [main] INFO  s.bot.strategies.BollingerStrategy -
				Potential earning 0.00008
2026-02-07 13:38:57 [main] INFO  s.bot.strategies.BollingerStrategy -
				Potential earning 0.00007
2026-02-07 13:38:57 [main] INFO  s.bot.strategies.BollingerStrategy -
				Potential earning 0.00006
2026-02-07 13:38:57 [main] INFO  s.bot.strategies.BollingerStrategy -
				Potential earning 0.00009
2026-02-07 13:38:57 [main] INFO  s.bot.strategies.BollingerStrategy -
				Potential earning 0.00007
2026-02-07 13:38:57 [main] INFO  s.bot.strategies.BollingerStrategy -
				Potential earning 0.00005
2026-02-07 13:38:57 [main] INFO  s.bot.strategies.BollingerStrategy -
				Potential earning 0.00007
2026-02-07 13:38:57 [main] INFO  s.bot.strategies.BollingerStrategy -
				Potential earning 0.00007
2026-02-07 13:38:57 [main] INFO  s.bot.strategies.BollingerStrategy -
				Potential earning 0.00005
2026-02-07 13:38:57 [main] INFO  s.bot.strategies.BollingerStrategy -
				Potential earning 0.00008
2026-02-07 13:38:57 [main] INFO  s.bot.strategies.BollingerStrategy -
				Potential earning 0.00005
2026-02-07 13:38:57 [main] INFO  s.bot.strategies.BollingerStrategy -
				Potential earning 0.00007
2026-02-07 13:38:57 [main] INFO  s.bot.strategies.BollingerStrategy -
				Potential earning 0.00007
2026-02-07 13:38:57 [main] INFO  s.bot.strategies.BollingerStrategy -
				Potential earning 0.00011
2026-02-07 13:38:57 [main] INFO  s.bot.strategies.BollingerStrategy -
				Potential earning 0.00015
2026-02-07 13:38:57 [main] INFO  s.bot.strategies.BollingerStrategy -
				Potential earning 0.00010
2026-02-07 13:38:57 [main] INFO  s.bot.strategies.BollingerStrategy -
				Potential earning 0.00018
2026-02-07 13:38:57 [main] INFO  s.bot.strategies.BollingerStrategy -
				Potential earning 0.00020
2026-02-07 13:38:57 [main] INFO  s.bot.strategies.BollingerStrategy -
				Potential earning 0.00024
2026-02-07 13:38:57 [main] INFO  s.bot.strategies.BollingerStrategy -
				Potential earning 0.00022
2026-02-07 13:38:57 [main] INFO  s.bot.strategies.BollingerStrategy -
				Potential earning 0.00024
2026-02-07 13:38:57 [main] INFO  s.bot.strategies.BollingerStrategy -
				Potential earning 0.00025
2026-02-07 13:38:57 [main] INFO  s.bot.strategies.BollingerStrategy -
				Potential earning 0.00028
2026-02-07 13:38:57 [main] INFO  s.bot.strategies.BollingerStrategy -
				Potential earning 0.00024
2026-02-07 13:38:57 [main] INFO  s.bot.strategies.BollingerStrategy -
				Potential earning 0.00024
2026-02-07 13:38:57 [main] INFO  s.bot.strategies.BollingerStrategy -
				Potential earning 0.00023
2026-02-07 13:38:57 [main] INFO  s.bot.strategies.BollingerStrategy -
				Potential earning 0.00029
2026-02-07 13:38:57 [main] INFO  s.bot.strategies.BollingerStrategy -
				Potential earning 0.00032
2026-02-07 13:38:57 [main] INFO  s.bot.strategies.BollingerStrategy -
				Potential earning 0.00025
2026-02-07 13:38:57 [main] INFO  s.bot.strategies.BollingerStrategy -
				Potential earning 0.00030
2026-02-07 13:38:57 [main] INFO  s.bot.strategies.BollingerStrategy -
				Potential earning 0.00035
2026-02-07 13:38:57 [main] INFO  s.bot.strategies.BollingerStrategy -
				Potential earning 0.00037
2026-02-07 13:38:57 [main] INFO  s.bot.strategies.BollingerStrategy -
				Potential earning 0.00035
2026-02-07 13:38:57 [main] INFO  s.bot.strategies.BollingerStrategy -
				Potential earning 0.00040
2026-02-07 13:38:57 [main] INFO  s.bot.strategies.BollingerStrategy -
				Potential earning 0.00046
2026-02-07 13:38:57 [main] INFO  s.bot.strategies.BollingerStrategy -
				Potential earning 0.00052
2026-02-07 13:38:57 [main] INFO  s.bot.strategies.BollingerStrategy -
				Time: 2016-12-02T13:13:53.278-05:00[GMT-05:00]
2026-02-07 13:38:57 [main] INFO  s.bot.strategies.BollingerStrategy -
				Trying to update stoploss to 1.06755
2026-02-07 13:38:57 [main] INFO  s.b.s.TransactionStreamService -
				{"accountID":"101-004-4267188-001","batchID":"7406","cancellingTransactionID":"7406","id":"7407","price":"1.06755","reason":"REPLACEMENT","replacesOrderID":"7405","time":"2016-12-02T13:13:53.278-05:00[GMT-05:00]","timeInForce":"GTC","tradeID":"7404","triggerCondition":"TRIGGER_DEFAULT","type":"STOP_LOSS_ORDER","userID":4267188}
2026-02-07 13:38:57 [main] INFO  s.bot.strategies.BollingerStrategy -
				Set Stoploss order to 1.06755, tradeId:null
2026-02-07 13:38:57 [main] INFO  s.bot.strategies.BollingerStrategy -
				Potential earning 0.00007
2026-02-07 13:38:57 [main] INFO  s.bot.strategies.BollingerStrategy -
				Potential earning 0.00004
2026-02-07 13:38:57 [main] INFO  s.bot.strategies.BollingerStrategy -
				Potential earning 0.00012
2026-02-07 13:38:57 [main] INFO  s.bot.strategies.BollingerStrategy -
				Potential earning 0.00012
2026-02-07 13:38:57 [main] INFO  s.bot.strategies.BollingerStrategy -
				Potential earning 0.00010
2026-02-07 13:38:57 [main] INFO  s.bot.strategies.BollingerStrategy -
				Potential earning 0.00003
2026-02-07 13:38:57 [main] INFO  s.bot.strategies.BollingerStrategy -
				Potential earning 0.00003
2026-02-07 13:38:57 [main] INFO  s.bot.strategies.BollingerStrategy -
				Potential earning 0.00002
2026-02-07 13:38:57 [main] INFO  s.bot.strategies.BollingerStrategy -
				Potential earning 0.00007
2026-02-07 13:38:57 [main] INFO  s.bot.strategies.BollingerStrategy -
				Potential earning 0.00000
